$ yt-dlp --skip-download --write-info-json --write-subs --write-auto-subs --sub-langs en.* --sub-format vtt/srt/best --no-playlist --no-progress -o /Users/hamsa/assinatura/watch-results/8NSyI-npJCU/%(id)s.%(ext)s https://www.youtube.com/watch?v=8NSyI-npJCU
[youtube] Extracting URL: https://www.youtube.com/watch?v=8NSyI-npJCU
[youtube] 8NSyI-npJCU: Downloading webpage
[youtube] 8NSyI-npJCU: Downloading visionos player API JSON
[youtube] 8NSyI-npJCU: Downloading m3u8 information
[info] 8NSyI-npJCU: Downloading subtitles: en-orig, en
[info] 8NSyI-npJCU: Downloading 1 format(s): 400+251-19
[info] Writing video subtitles to: /Users/hamsa/assinatura/watch-results/8NSyI-npJCU/8NSyI-npJCU.en-orig.vtt
[download] Sleeping 6.00 seconds ...
[download] Destination: /Users/hamsa/assinatura/watch-results/8NSyI-npJCU/8NSyI-npJCU.en-orig.vtt
[download] Download completed
[info] Writing video subtitles to: /Users/hamsa/assinatura/watch-results/8NSyI-npJCU/8NSyI-npJCU.en.vtt
[download] Sleeping 6.00 seconds ...
[download] Destination: /Users/hamsa/assinatura/watch-results/8NSyI-npJCU/8NSyI-npJCU.en.vtt
[download] Download completed
[info] Writing video metadata as JSON to: /Users/hamsa/assinatura/watch-results/8NSyI-npJCU/8NSyI-npJCU.info.json
$ yt-dlp -f bv*[height<=720]+ba/b[height<=720]/b --no-playlist --no-progress -o /Users/hamsa/assinatura/watch-results/8NSyI-npJCU/video.%(ext)s https://www.youtube.com/watch?v=8NSyI-npJCU
[youtube] Extracting URL: https://www.youtube.com/watch?v=8NSyI-npJCU
[youtube] 8NSyI-npJCU: Downloading webpage
[youtube] 8NSyI-npJCU: Downloading visionos player API JSON
[youtube] 8NSyI-npJCU: Downloading m3u8 information
[info] 8NSyI-npJCU: Downloading 1 format(s): 398+251-19
[download] Destination: /Users/hamsa/assinatura/watch-results/8NSyI-npJCU/video.f398.mp4
[download] Download completed
[download] Destination: /Users/hamsa/assinatura/watch-results/8NSyI-npJCU/video.f251-19.webm
[download] Download completed
[Merger] Merging formats into "/Users/hamsa/assinatura/watch-results/8NSyI-npJCU/video.webm"
Deleting original file /Users/hamsa/assinatura/watch-results/8NSyI-npJCU/video.f251-19.webm (pass -k to keep)
Deleting original file /Users/hamsa/assinatura/watch-results/8NSyI-npJCU/video.f398.mp4 (pass -k to keep)
$ ffmpeg -nostdin -loglevel error -i /Users/hamsa/assinatura/watch-results/8NSyI-npJCU/video.webm -vf fps=1/10,scale=-2:'min(720,ih)' -frames:v 60 -q:v 4 /Users/hamsa/assinatura/watch-results/8NSyI-npJCU/frames/raw-%04d.jpg
